[2026-05-27 12:17:32] 开始抓取 16 款游戏在线人数
[2026-05-27 12:17:32] 模式: pipe | 间隔: 页0.8s/游戏2s
[2026-05-27 12:17:32] --------------------------------------------------
[2026-05-27 12:17:32] [1/16] 异环 (ID=714119) 查询中...
[2026-05-27 12:17:33]     第1页: +50 = 50 累计
[2026-05-27 12:18:01]     第30页: +50 = 1500 累计
[2026-05-27 12:18:30]     第60页: +50 = 3000 累计
[2026-05-27 12:18:59]     第90页: +50 = 4500 累计
[2026-05-27 12:19:28]     第120页: +50 = 6000 累计
[2026-05-27 12:19:47]   ✓ 异环: 7,021 人 (135.3s)
[2026-05-27 12:19:49] [2/16] 火炬之光：无限 (ID=172664) 查询中...
[2026-05-27 12:19:50]     第1页: +50 = 50 累计
[2026-05-27 12:20:18]     第30页: +50 = 1500 累计
[2026-05-27 12:20:46]     第60页: +50 = 3000 累计
[2026-05-27 12:21:15]     第90页: +50 = 4500 累计
[2026-05-27 12:21:43]     第120页: +50 = 6000 累计
[2026-05-27 12:22:12]     第150页: +50 = 7500 累计
[2026-05-27 12:22:37]   ✓ 火炬之光：无限: 8,848 人 (167.7s)
[2026-05-27 12:22:39] [3/16] 洛克王国：世界 (ID=188212) 查询中...
[2026-05-27 12:22:40]     第1页: +50 = 50 累计
[2026-05-27 12:23:08]     第30页: +50 = 1500 累计
[2026-05-27 12:23:37]     第60页: +49 = 2999 累计
[2026-05-27 12:23:42]   ✓ 洛克王国：世界: 3,231 人 (63.3s)
[2026-05-27 12:23:44] [4/16] 鸣潮 (ID=234280) 查询中...
[2026-05-27 12:23:45]     第1页: +50 = 50 累计
[2026-05-27 12:24:14]     第30页: +14 = 1242 累计
[2026-05-27 12:24:18]   ✓ 鸣潮: 1,334 人 (33.3s)
[2026-05-27 12:24:20] [5/16] 心动小镇 (ID=45213) 查询中...
[2026-05-27 12:24:21]     第1页: +50 = 50 累计
[2026-05-27 12:24:42]   ✓ 心动小镇: 986 人 (22.3s)
[2026-05-27 12:24:44] [6/16] 原神 (ID=168332) 查询中...
[2026-05-27 12:24:45]     第1页: +50 = 50 累计
[2026-05-27 12:25:13]   ✓ 原神: 1,210 人 (29.2s)
[2026-05-27 12:25:15] [7/16] 超自然行动组 (ID=714123) 查询中...
[2026-05-27 12:25:16]     第1页: +50 = 50 累计
[2026-05-27 12:25:45]     第30页: +26 = 1305 累计
[2026-05-27 12:25:48]   ✓ 超自然行动组: 1,405 人 (33.2s)
[2026-05-27 12:25:50] [8/16] 明日方舟：终末地 (ID=232326) 查询中...
[2026-05-27 12:25:51]     第1页: +50 = 50 累计
[2026-05-27 12:25:59]   ✓ 明日方舟：终末地: 400 人 (8.8s)
[2026-05-27 12:26:01] [9/16] 和平精英 (ID=70056) 查询中...
[2026-05-27 12:26:02]     第1页: +50 = 50 累计
[2026-05-27 12:26:31]   ✓ 和平精英: 1,154 人 (30.0s)
[2026-05-27 12:26:33] [10/16] 三角洲行动 (ID=330259) 查询中...
[2026-05-27 12:26:34]     第1页: +50 = 50 累计
[2026-05-27 12:26:59]   ✓ 三角洲行动: 902 人 (26.3s)
[2026-05-27 12:27:01] [11/16] 伊瑟 (ID=236627) 查询中...
[2026-05-27 12:27:02]     第1页: +50 = 50 累计
[2026-05-27 12:27:29]   ✓ 伊瑟: 800 人 (27.7s)
[2026-05-27 12:27:31] [12/16] 明日方舟 (ID=70253) 查询中...
[2026-05-27 12:27:32]     第1页: +50 = 50 累计
[2026-05-27 12:28:00]   ✓ 明日方舟: 1,142 人 (29.0s)
[2026-05-27 12:28:02] [13/16] 崩坏：星穹铁道 (ID=224267) 查询中...
[2026-05-27 12:28:03]     第1页: +50 = 50 累计
[2026-05-27 12:28:29]   ✓ 崩坏：星穹铁道: 1,068 人 (26.6s)
[2026-05-27 12:28:31] [14/16] 燕云十六声 (ID=239372) 查询中...
[2026-05-27 12:28:32]     第1页: +50 = 50 累计
[2026-05-27 12:28:55]   ✓ 燕云十六声: 806 人 (24.7s)
[2026-05-27 12:28:57] [15/16] 绝区零 (ID=234493) 查询中...
[2026-05-27 12:28:58]     第1页: +50 = 50 累计
[2026-05-27 12:29:20]   ✓ 绝区零: 776 人 (22.5s)
[2026-05-27 12:29:22] [16/16] 幻塔 (ID=192675) 查询中...
[2026-05-27 12:29:23]     第1页: +50 = 50 累计
[2026-05-27 12:29:25]   ✓ 幻塔: 84 人 (3.4s)
[2026-05-27 12:29:25] CSV 已保存: E:\project\taptappczhuabao\online_history.csv
[2026-05-27 12:29:25] HTML 已生成: E:\project\taptappczhuabao\online_chart.html
[2026-05-27 12:29:25] 完成! 成功 16/16, 失败 0, 总耗时 713s
[2026-05-27 13:09:27] 仅生成 HTML
[2026-05-27 13:09:27] HTML 已生成: E:\project\taptappczhuabao\online_chart.html
[2026-05-27 15:07:53] 仅生成 HTML
[2026-05-27 15:07:53] HTML 已生成: E:\project\taptappczhuabao\online_chart.html
[2026-05-27 15:08:51] 仅生成 HTML
[2026-05-27 15:08:51] HTML 已生成: E:\project\taptappczhuabao\online_chart.html
[2026-05-27 15:12:16] 仅生成 HTML
[2026-05-27 15:12:16] HTML 已生成: E:\project\taptappczhuabao\online_chart.html
[2026-05-27 15:14:48] 仅生成 HTML
[2026-05-27 15:14:48] HTML 已生成: E:\project\taptappczhuabao\online_chart.html
[2026-05-27 15:18:01] 仅生成 HTML
[2026-05-27 15:18:01] HTML 已生成: E:\project\taptappczhuabao\online_chart.html
